------------------------------------------------------------
Timing Analyzer Summary
------------------------------------------------------------

Type  : Slow 1100mV 100C Model Setup 'clk_in'
Slack : -2.388
TNS   : -63.310

Type  : Slow 1100mV 100C Model Hold 'clk_in'
Slack : 0.328
TNS   : 0.000

Type  : Slow 1100mV 100C Model Minimum Pulse Width 'clk_in'
Slack : -0.538
TNS   : -26.989

Type  : Slow 1100mV -40C Model Setup 'clk_in'
Slack : -2.410
TNS   : -62.669

Type  : Slow 1100mV -40C Model Hold 'clk_in'
Slack : 0.301
TNS   : 0.000

Type  : Slow 1100mV -40C Model Minimum Pulse Width 'clk_in'
Slack : -0.538
TNS   : -27.286

Type  : Fast 1100mV 100C Model Setup 'clk_in'
Slack : -0.516
TNS   : -14.079

Type  : Fast 1100mV 100C Model Hold 'clk_in'
Slack : 0.205
TNS   : 0.000

Type  : Fast 1100mV 100C Model Minimum Pulse Width 'clk_in'
Slack : -0.086
TNS   : -2.813

Type  : Fast 1100mV -40C Model Setup 'clk_in'
Slack : -0.382
TNS   : -9.276

Type  : Fast 1100mV -40C Model Hold 'clk_in'
Slack : 0.157
TNS   : 0.000

Type  : Fast 1100mV -40C Model Minimum Pulse Width 'clk_in'
Slack : -0.089
TNS   : -2.923

------------------------------------------------------------
